2024-01-15T08:08:00Z ERROR cart 566 checkout started
2024-01-15T08:08:03Z WARN payments 491 webhook received
2024-01-15T08:08:06Z ERROR search 258 slow query detected
2024-01-15T08:08:09Z INFO inventory 646 restock applied
2024-01-15T08:08:12Z INFO search 84 slow query detected
2024-01-15T08:08:15Z INFO payments 348 card declined
2024-01-15T08:08:18Z DEBUG inventory 146 restock applied
2024-01-15T08:08:21Z INFO payments 715 refund issued
2024-01-15T08:08:24Z DEBUG payments 429 webhook received
2024-01-15T08:08:27Z WARN search 482 cache miss
2024-01-15T08:08:30Z INFO auth 435 session expired
2024-01-15T08:08:33Z WARN inventory 25 count synced
2024-01-15T08:08:36Z INFO cart 11 cart merged
2024-01-15T08:08:39Z ERROR search 404 cache miss
2024-01-15T08:08:42Z WARN inventory 757 count synced
2024-01-15T08:08:45Z INFO inventory 504 restock applied
2024-01-15T08:08:48Z INFO search 502 query executed
2024-01-15T08:08:51Z INFO cart 689 checkout started
2024-01-15T08:08:54Z ERROR payments 483 refund issued
2024-01-15T08:08:57Z WARN inventory 32 reservation held
2024-01-15T08:09:00Z WARN inventory 683 stock decremented
2024-01-15T08:09:03Z WARN auth 443 token refreshed
2024-01-15T08:09:06Z INFO cart 56 cart merged
2024-01-15T08:09:09Z INFO cart 221 checkout started
2024-01-15T08:09:12Z INFO search 784 cache miss
2024-01-15T08:09:15Z ERROR search 436 slow query detected
2024-01-15T08:09:18Z INFO auth 24 logout ok
2024-01-15T08:09:21Z INFO auth 234 user login succeeded
2024-01-15T08:09:24Z ERROR auth 36 token refreshed
2024-01-15T08:09:27Z ERROR payments 25 payout scheduled
2024-01-15T08:09:30Z INFO payments 134 webhook received
2024-01-15T08:09:33Z WARN auth 228 session expired
2024-01-15T08:09:36Z ERROR search 382 index warm hit
2024-01-15T08:09:39Z WARN inventory 770 stock decremented
2024-01-15T08:09:42Z INFO payments 115 payout scheduled
2024-01-15T08:09:45Z INFO auth 594 session expired
2024-01-15T08:09:48Z WARN cart 208 item added
2024-01-15T08:09:51Z WARN inventory 647 restock applied
2024-01-15T08:09:54Z WARN auth 796 invalid password attempt
2024-01-15T08:09:57Z ERROR inventory 128 count synced
