2024-01-15T08:06:00Z ERROR cart 44 checkout started
2024-01-15T08:06:03Z INFO payments 476 card declined
2024-01-15T08:06:06Z ERROR search 238 index warm hit
2024-01-15T08:06:09Z WARN auth 202 session expired
2024-01-15T08:06:12Z INFO search 76 slow query detected
2024-01-15T08:00:09Z INFO payments 42
2024-01-15T08:06:18Z WARN search 526 cache miss
2024-01-15T08:06:21Z INFO inventory 33 stock decremented
2024-01-15T08:06:24Z INFO search 599 slow query detected
2024-01-15T08:06:27Z DEBUG auth 615 session expired
2024-01-15T08:06:30Z WARN search 326 cache miss
2024-01-15T08:06:33Z WARN inventory 123 reservation held
2024-01-15T08:06:36Z INFO inventory 265 stock decremented
2024-01-15T08:06:39Z DEBUG cart 537 cart abandoned
2024-01-15T08:06:42Z INFO payments 446 charge captured
2024-01-15T08:06:45Z WARN search 326 query executed
2024-01-15T08:06:48Z WARN search 321 cache miss
2024-01-15T08:06:51Z INFO search 718 slow query detected
2024-01-15T08:06:54Z INFO inventory 201 reservation held
2024-01-15T08:06:57Z WARN cart 771 item removed
2024-01-15T08:07:00Z WARN inventory 313 reservation held
2024-01-15T08:07:03Z ERROR inventory 5 sku not found
2024-01-15T08:07:06Z INFO search 445 results returned
2024-01-15T08:07:09Z WARN inventory 334 reservation held
2024-01-15T08:07:12Z INFO cart 696 item removed
2024-01-15T08:07:15Z INFO inventory 758 restock applied
2024-01-15T08:07:18Z INFO auth 532 logout ok
2024-01-15T08:07:21Z DEBUG search 774 index warm hit
2024-01-15T08:07:24Z INFO search 208 index warm hit
2024-01-15T08:07:27Z DEBUG auth 255 session expired
2024-01-15T08:07:30Z ERROR inventory 791 stock decremented
2024-01-15T08:07:33Z INFO cart 649 cart abandoned
2024-01-15T08:07:36Z WARN payments 718 webhook received
2024-01-15T08:07:39Z INFO cart 254 item removed
2024-01-15T08:07:42Z ERROR auth 793 user login succeeded
2024-01-15T08:07:45Z INFO cart 185 cart abandoned
2024-01-15T08:07:48Z DEBUG cart 575 item removed
2024-01-15T08:07:51Z INFO auth 141 session expired
2024-01-15T08:07:54Z WARN inventory 614 sku not found
2024-01-15T08:07:57Z WARN cart 741 cart abandoned
