2024-01-15T08:02:00Z INFO auth 450 token refreshed
2024-01-15T08:02:03Z DEBUG cart 744 cart merged
2024-01-15T08:02:06Z ERROR inventory 187 count synced
2024-01-15T08:02:09Z ERROR auth 645 invalid password attempt
2024-01-15T08:02:12Z WARN inventory 208 restock applied
2024-01-15T08:02:15Z ERROR search 170 results returned
2024-01-15T08:02:18Z DEBUG inventory 618 sku not found
2024-01-15T08:02:21Z DEBUG cart 119 cart merged
2024-01-15T08:02:24Z INFO search 64 index warm hit
2024-01-15T08:02:27Z DEBUG inventory 92 reservation held
2024-01-15T08:02:30Z ERROR auth 550 token refreshed
2024-01-15T08:02:33Z WARN payments 491 payout scheduled
2024-01-15T08:02:36Z INFO payments 545 payout scheduled
2024-01-15T08:02:39Z INFO cart 557 item removed
2024-01-15T08:02:42Z INFO search 692 slow query detected
2024-01-15T08:02:45Z WARN cart 467 item added
2024-01-15T08:02:48Z INFO payments 70 card declined
2024-01-15T08:02:51Z WARN auth 572 token refreshed
2024-01-15T08:02:54Z INFO inventory 12 stock decremented
2024-01-15T08:02:57Z INFO auth 74 user login succeeded
2024-01-15T08:03:00Z DEBUG search 531 index warm hit
2024-01-15T08:03:03Z WARN search 502 index warm hit
2024-01-15T08:03:06Z INFO inventory 745 count synced
2024-01-15T08:03:09Z INFO inventory 253 reservation held
2024-01-15T08:03:12Z INFO cart 101 item added
2024-01-15T08:03:15Z INFO cart 438 checkout started
2024-01-15T08:03:18Z ERROR cart 751 item added
2024-01-15T08:03:21Z DEBUG auth 417 invalid password attempt
2024-01-15T08:03:24Z INFO auth 201 token refreshed
2024-01-15T08:03:27Z INFO inventory 148 reservation held
2024-01-15T08:03:30Z INFO payments 478 refund issued
2024-01-15T08:03:33Z INFO auth 568 user login succeeded
2024-01-15T08:03:36Z WARN auth 558 user login succeeded
2024-01-15T08:03:39Z ERROR auth 247 token refreshed
2024-01-15T08:03:42Z INFO cart 497 item removed
2024-01-15T08:03:45Z DEBUG cart 173 checkout started
2024-01-15T08:03:48Z INFO auth 276 session expired
2024-01-15T08:03:51Z INFO search 718 results returned
2024-01-15T08:03:54Z INFO cart 199 cart merged
2024-01-15T08:03:57Z DEBUG payments 598 payout scheduled
